2026-07-30 14:06:48.631: [INFO] OnDoneLoading sync enabled: 0
2026-07-30 14:13:28.305: [INFO] OnDoneLoading sync enabled: 0
2026-07-30 14:37:03.937: [INFO] OnDoneLoading sync enabled: 0
2026-07-30 14:46:43.357: [INFO] OnDoneLoading sync enabled: 0
2026-07-30 15:41:45.197: [INFO] OnDoneLoading sync enabled: 0
2026-07-30 15:42:27.736: [INFO] OnDoneLoading sync enabled: 0
2026-07-30 16:16:34.203: [INFO] OnDoneLoading sync enabled: 0
2026-07-30 16:17:36.737: [INFO] OnDoneLoading sync enabled: 0
2026-07-31 03:42:10.792: [INFO] OnDoneLoading sync enabled: 0
2026-07-31 03:50:43.488: [INFO] OnDoneLoading sync enabled: 0
2026-07-31 03:51:37.538: [INFO] OnDoneLoading sync enabled: 0
2026-07-31 03:52:22.336: [INFO] OnDoneLoading sync enabled: 0
2026-07-31 03:58:46.790: [INFO] OnDoneLoading sync enabled: 0
2026-07-31 04:32:50.426: [INFO] OnDoneLoading sync enabled: 0
2026-07-31 04:45:10.361: [INFO] OnDoneLoading sync enabled: 0
2026-07-31 04:48:40.776: [INFO] OnDoneLoading sync enabled: 0
2026-07-31 04:48:47.035: [INFO] OnDoneLoading sync enabled: 0
2026-07-31 05:06:30.140: [INFO] OnDoneLoading sync enabled: 0
2026-07-31 05:06:52.516: [INFO] OnDoneLoading sync enabled: 0
2026-07-31 05:14:22.251: [INFO] OnDoneLoading sync enabled: 0
2026-07-31 05:19:43.582: [INFO] OnDoneLoading sync enabled: 0
2026-07-31 05:20:27.778: [INFO] OnDoneLoading sync enabled: 0
2026-07-31 05:22:03.009: [INFO] OnDoneLoading sync enabled: 0
2026-07-31 05:30:17.160: [INFO] OnDoneLoading sync enabled: 0
2026-08-03 04:53:32.358: [INFO] OnDoneLoading sync enabled: 0
2026-08-03 14:11:21.160: [INFO] OnDoneLoading sync enabled: 0
2026-08-03 14:18:31.220: [INFO] OnDoneLoading sync enabled: 0
2026-08-03 14:21:40.216: [INFO] OnDoneLoading sync enabled: 0
2026-08-03 14:25:01.945: [INFO] OnDoneLoading sync enabled: 0
2026-08-04 05:34:00.294: [INFO] OnDoneLoading sync enabled: 0
2026-08-04 05:54:20.004: [INFO] OnDoneLoading sync enabled: 0
2026-08-04 17:02:20.403: [INFO] OnDoneLoading sync enabled: 0
2026-08-05 03:55:41.395: [INFO] CurrentProfilePath: C:\!Bachelor Program\!Module Two\Software Development\Coursework\coursework 2\40841063_HLUM HTET AUNG Coursework 2\Dice Game\.metadata\.plugins\org.eclipse.swt\EBWebView\Default
2026-08-05 03:55:41.395: [INFO] Profiles total count: 1
2026-08-05 03:55:41.397: [INFO] Profile: name=Profile 1 path=C:\!Bachelor Program\!Module Two\Software Development\Coursework\coursework 2\40841063_HLUM HTET AUNG Coursework 2\Dice Game\.metadata\.plugins\org.eclipse.swt\EBWebView\Default lastActive=2026-07-31T04:07:12.606Z
2026-08-05 03:55:41.397: [INFO] LastUsedProfileDir: C:\!Bachelor Program\!Module Two\Software Development\Coursework\coursework 2\40841063_HLUM HTET AUNG Coursework 2\Dice Game\.metadata\.plugins\org.eclipse.swt\EBWebView\Default
2026-08-05 03:55:41.397: [INFO] MostRecentlyActiveProfile: name=Profile 1 path=C:\!Bachelor Program\!Module Two\Software Development\Coursework\coursework 2\40841063_HLUM HTET AUNG Coursework 2\Dice Game\.metadata\.plugins\org.eclipse.swt\EBWebView\Default lastActive=2026-07-31T04:07:12.606Z
2026-08-05 03:55:41.397: [INFO] OnDoneLoading sync enabled: 0
2026-08-05 03:55:41.397: [INFO] BookmarkModelLoaded, ids_reassigned: 0
2026-08-05 03:55:41.397: [INFO] BookmarksLoadDropped droppedNodes=0
2026-08-05 03:55:41.397: [INFO] BookmarksSnapshot Startup total=0 bar=0 other=0 mobile=0 showBar=0 showBarNTP=1
2026-08-05 04:12:47.738: [INFO] BookmarksSnapshot Shutdown total=0 bar=0 other=0 mobile=0 showBar=0 showBarNTP=1
2026-08-05 09:16:04.558: [INFO] CurrentProfilePath: C:\!Bachelor Program\!Module Two\Software Development\Coursework\coursework 2\40841063_HLUM HTET AUNG Coursework 2\Dice Game\.metadata\.plugins\org.eclipse.swt\EBWebView\Default
2026-08-05 09:16:04.558: [INFO] Profiles total count: 1
2026-08-05 09:16:04.558: [INFO] Profile: name=Profile 1 path=C:\!Bachelor Program\!Module Two\Software Development\Coursework\coursework 2\40841063_HLUM HTET AUNG Coursework 2\Dice Game\.metadata\.plugins\org.eclipse.swt\EBWebView\Default lastActive=2026-07-31T04:07:12.606Z
2026-08-05 09:16:04.558: [INFO] LastUsedProfileDir: C:\!Bachelor Program\!Module Two\Software Development\Coursework\coursework 2\40841063_HLUM HTET AUNG Coursework 2\Dice Game\.metadata\.plugins\org.eclipse.swt\EBWebView\Default
2026-08-05 09:16:04.558: [INFO] MostRecentlyActiveProfile: name=Profile 1 path=C:\!Bachelor Program\!Module Two\Software Development\Coursework\coursework 2\40841063_HLUM HTET AUNG Coursework 2\Dice Game\.metadata\.plugins\org.eclipse.swt\EBWebView\Default lastActive=2026-07-31T04:07:12.606Z
2026-08-05 09:16:04.558: [INFO] OnDoneLoading sync enabled: 0
2026-08-05 09:16:04.558: [INFO] BookmarkModelLoaded, ids_reassigned: 0
2026-08-05 09:16:04.558: [INFO] BookmarksLoadDropped droppedNodes=0
2026-08-05 09:16:04.558: [INFO] BookmarksSnapshot Startup total=0 bar=0 other=0 mobile=0 showBar=0 showBarNTP=1
2026-08-05 09:16:15.600: [INFO] BookmarksSnapshot Shutdown total=0 bar=0 other=0 mobile=0 showBar=0 showBarNTP=1
2026-08-05 09:26:57.872: [INFO] CurrentProfilePath: C:\!Bachelor Program\!Module Two\Software Development\Coursework\coursework 2\40841063_HLUM HTET AUNG Coursework 2\Dice Game\.metadata\.plugins\org.eclipse.swt\EBWebView\Default
2026-08-05 09:26:57.872: [INFO] Profiles total count: 1
2026-08-05 09:26:57.873: [INFO] Profile: name=Profile 1 path=C:\!Bachelor Program\!Module Two\Software Development\Coursework\coursework 2\40841063_HLUM HTET AUNG Coursework 2\Dice Game\.metadata\.plugins\org.eclipse.swt\EBWebView\Default lastActive=2026-07-31T04:07:12.606Z
2026-08-05 09:26:57.873: [INFO] LastUsedProfileDir: C:\!Bachelor Program\!Module Two\Software Development\Coursework\coursework 2\40841063_HLUM HTET AUNG Coursework 2\Dice Game\.metadata\.plugins\org.eclipse.swt\EBWebView\Default
2026-08-05 09:26:57.873: [INFO] MostRecentlyActiveProfile: name=Profile 1 path=C:\!Bachelor Program\!Module Two\Software Development\Coursework\coursework 2\40841063_HLUM HTET AUNG Coursework 2\Dice Game\.metadata\.plugins\org.eclipse.swt\EBWebView\Default lastActive=2026-07-31T04:07:12.606Z
2026-08-05 09:26:57.873: [INFO] OnDoneLoading sync enabled: 0
2026-08-05 09:26:57.873: [INFO] BookmarkModelLoaded, ids_reassigned: 0
2026-08-05 09:26:57.873: [INFO] BookmarksLoadDropped droppedNodes=0
2026-08-05 09:26:57.873: [INFO] BookmarksSnapshot Startup total=0 bar=0 other=0 mobile=0 showBar=0 showBarNTP=1
2026-08-05 09:34:42.011: [INFO] BookmarksSnapshot Shutdown total=0 bar=0 other=0 mobile=0 showBar=0 showBarNTP=1
2026-08-05 09:38:50.775: [INFO] CurrentProfilePath: C:\!Bachelor Program\!Module Two\Software Development\Coursework\coursework 2\40841063_HLUM HTET AUNG Coursework 2\Dice Game\.metadata\.plugins\org.eclipse.swt\EBWebView\Default
2026-08-05 09:38:50.775: [INFO] Profiles total count: 1
2026-08-05 09:38:50.776: [INFO] Profile: name=Profile 1 path=C:\!Bachelor Program\!Module Two\Software Development\Coursework\coursework 2\40841063_HLUM HTET AUNG Coursework 2\Dice Game\.metadata\.plugins\org.eclipse.swt\EBWebView\Default lastActive=2026-07-31T04:07:12.606Z
2026-08-05 09:38:50.776: [INFO] LastUsedProfileDir: C:\!Bachelor Program\!Module Two\Software Development\Coursework\coursework 2\40841063_HLUM HTET AUNG Coursework 2\Dice Game\.metadata\.plugins\org.eclipse.swt\EBWebView\Default
2026-08-05 09:38:50.776: [INFO] MostRecentlyActiveProfile: name=Profile 1 path=C:\!Bachelor Program\!Module Two\Software Development\Coursework\coursework 2\40841063_HLUM HTET AUNG Coursework 2\Dice Game\.metadata\.plugins\org.eclipse.swt\EBWebView\Default lastActive=2026-07-31T04:07:12.606Z
2026-08-05 09:38:50.776: [INFO] OnDoneLoading sync enabled: 0
2026-08-05 09:38:50.776: [INFO] BookmarkModelLoaded, ids_reassigned: 0
2026-08-05 09:38:50.776: [INFO] BookmarksLoadDropped droppedNodes=0
2026-08-05 09:38:50.776: [INFO] BookmarksSnapshot Startup total=0 bar=0 other=0 mobile=0 showBar=0 showBarNTP=1
2026-08-05 09:38:54.122: [INFO] BookmarksSnapshot Shutdown total=0 bar=0 other=0 mobile=0 showBar=0 showBarNTP=1
2026-08-05 09:39:59.995: [INFO] CurrentProfilePath: C:\!Bachelor Program\!Module Two\Software Development\Coursework\coursework 2\40841063_HLUM HTET AUNG Coursework 2\Dice Game\.metadata\.plugins\org.eclipse.swt\EBWebView\Default
2026-08-05 09:39:59.995: [INFO] Profiles total count: 1
2026-08-05 09:39:59.995: [INFO] Profile: name=Profile 1 path=C:\!Bachelor Program\!Module Two\Software Development\Coursework\coursework 2\40841063_HLUM HTET AUNG Coursework 2\Dice Game\.metadata\.plugins\org.eclipse.swt\EBWebView\Default lastActive=2026-07-31T04:07:12.606Z
2026-08-05 09:39:59.995: [INFO] LastUsedProfileDir: C:\!Bachelor Program\!Module Two\Software Development\Coursework\coursework 2\40841063_HLUM HTET AUNG Coursework 2\Dice Game\.metadata\.plugins\org.eclipse.swt\EBWebView\Default
2026-08-05 09:39:59.995: [INFO] MostRecentlyActiveProfile: name=Profile 1 path=C:\!Bachelor Program\!Module Two\Software Development\Coursework\coursework 2\40841063_HLUM HTET AUNG Coursework 2\Dice Game\.metadata\.plugins\org.eclipse.swt\EBWebView\Default lastActive=2026-07-31T04:07:12.606Z
2026-08-05 09:39:59.995: [INFO] OnDoneLoading sync enabled: 0
2026-08-05 09:39:59.995: [INFO] BookmarkModelLoaded, ids_reassigned: 0
2026-08-05 09:39:59.995: [INFO] BookmarksLoadDropped droppedNodes=0
2026-08-05 09:39:59.995: [INFO] BookmarksSnapshot Startup total=0 bar=0 other=0 mobile=0 showBar=0 showBarNTP=1
2026-08-05 09:40:35.193: [INFO] BookmarksSnapshot Shutdown total=0 bar=0 other=0 mobile=0 showBar=0 showBarNTP=1
2026-08-05 09:42:51.638: [INFO] CurrentProfilePath: C:\!Bachelor Program\!Module Two\Software Development\Coursework\coursework 2\40841063_HLUM HTET AUNG Coursework 2\Dice Game\.metadata\.plugins\org.eclipse.swt\EBWebView\Default
2026-08-05 09:42:51.638: [INFO] Profiles total count: 1
2026-08-05 09:42:51.639: [INFO] Profile: name=Profile 1 path=C:\!Bachelor Program\!Module Two\Software Development\Coursework\coursework 2\40841063_HLUM HTET AUNG Coursework 2\Dice Game\.metadata\.plugins\org.eclipse.swt\EBWebView\Default lastActive=2026-07-31T04:07:12.606Z
2026-08-05 09:42:51.639: [INFO] LastUsedProfileDir: C:\!Bachelor Program\!Module Two\Software Development\Coursework\coursework 2\40841063_HLUM HTET AUNG Coursework 2\Dice Game\.metadata\.plugins\org.eclipse.swt\EBWebView\Default
2026-08-05 09:42:51.639: [INFO] MostRecentlyActiveProfile: name=Profile 1 path=C:\!Bachelor Program\!Module Two\Software Development\Coursework\coursework 2\40841063_HLUM HTET AUNG Coursework 2\Dice Game\.metadata\.plugins\org.eclipse.swt\EBWebView\Default lastActive=2026-07-31T04:07:12.606Z
2026-08-05 09:42:51.639: [INFO] OnDoneLoading sync enabled: 0
2026-08-05 09:42:51.639: [INFO] BookmarkModelLoaded, ids_reassigned: 0
2026-08-05 09:42:51.639: [INFO] BookmarksLoadDropped droppedNodes=0
2026-08-05 09:42:51.639: [INFO] BookmarksSnapshot Startup total=0 bar=0 other=0 mobile=0 showBar=0 showBarNTP=1
2026-08-05 09:50:35.347: [INFO] BookmarksSnapshot Shutdown total=0 bar=0 other=0 mobile=0 showBar=0 showBarNTP=1
2026-08-05 09:56:06.077: [INFO] CurrentProfilePath: C:\!Bachelor Program\!Module Two\Software Development\Coursework\coursework 2\40841063_HLUM HTET AUNG Coursework 2\Dice Game\.metadata\.plugins\org.eclipse.swt\EBWebView\Default
2026-08-05 09:56:06.077: [INFO] Profiles total count: 1
2026-08-05 09:56:06.078: [INFO] Profile: name=Profile 1 path=C:\!Bachelor Program\!Module Two\Software Development\Coursework\coursework 2\40841063_HLUM HTET AUNG Coursework 2\Dice Game\.metadata\.plugins\org.eclipse.swt\EBWebView\Default lastActive=2026-07-31T04:07:12.606Z
2026-08-05 09:56:06.078: [INFO] LastUsedProfileDir: C:\!Bachelor Program\!Module Two\Software Development\Coursework\coursework 2\40841063_HLUM HTET AUNG Coursework 2\Dice Game\.metadata\.plugins\org.eclipse.swt\EBWebView\Default
2026-08-05 09:56:06.078: [INFO] MostRecentlyActiveProfile: name=Profile 1 path=C:\!Bachelor Program\!Module Two\Software Development\Coursework\coursework 2\40841063_HLUM HTET AUNG Coursework 2\Dice Game\.metadata\.plugins\org.eclipse.swt\EBWebView\Default lastActive=2026-07-31T04:07:12.606Z
2026-08-05 09:56:06.078: [INFO] OnDoneLoading sync enabled: 0
2026-08-05 09:56:06.078: [INFO] BookmarkModelLoaded, ids_reassigned: 0
2026-08-05 09:56:06.078: [INFO] BookmarksLoadDropped droppedNodes=0
2026-08-05 09:56:06.078: [INFO] BookmarksSnapshot Startup total=0 bar=0 other=0 mobile=0 showBar=0 showBarNTP=1
2026-08-05 09:56:53.756: [INFO] BookmarksSnapshot Shutdown total=0 bar=0 other=0 mobile=0 showBar=0 showBarNTP=1
2026-08-06 17:00:06.070: [INFO] CurrentProfilePath: C:\!Bachelor Program\!Module Two\Software Development\Coursework\coursework 2\40841063_HLUM HTET AUNG Coursework 2\Dice Game\.metadata\.plugins\org.eclipse.swt\EBWebView\Default
2026-08-06 17:00:06.070: [INFO] Profiles total count: 1
2026-08-06 17:00:06.071: [INFO] Profile: name=Profile 1 path=C:\!Bachelor Program\!Module Two\Software Development\Coursework\coursework 2\40841063_HLUM HTET AUNG Coursework 2\Dice Game\.metadata\.plugins\org.eclipse.swt\EBWebView\Default lastActive=2026-07-31T04:07:12.606Z
2026-08-06 17:00:06.071: [INFO] LastUsedProfileDir: C:\!Bachelor Program\!Module Two\Software Development\Coursework\coursework 2\40841063_HLUM HTET AUNG Coursework 2\Dice Game\.metadata\.plugins\org.eclipse.swt\EBWebView\Default
2026-08-06 17:00:06.071: [INFO] MostRecentlyActiveProfile: name=Profile 1 path=C:\!Bachelor Program\!Module Two\Software Development\Coursework\coursework 2\40841063_HLUM HTET AUNG Coursework 2\Dice Game\.metadata\.plugins\org.eclipse.swt\EBWebView\Default lastActive=2026-07-31T04:07:12.606Z
2026-08-06 17:00:06.071: [INFO] OnDoneLoading sync enabled: 0
2026-08-06 17:00:06.071: [INFO] BookmarkModelLoaded, ids_reassigned: 0
2026-08-06 17:00:06.071: [INFO] BookmarksLoadDropped droppedNodes=0
2026-08-06 17:00:06.071: [INFO] BookmarksSnapshot Startup total=0 bar=0 other=0 mobile=0 showBar=0 showBarNTP=1
2026-08-06 17:28:01.755: [INFO] BookmarksSnapshot Shutdown total=0 bar=0 other=0 mobile=0 showBar=0 showBarNTP=1
